// Jest Snapshot v1, https://goo.gl/fbAQLP

exports[`match snapshot 1`] = `
<div
  data-testid="todo-1"
>
  <strike>
    <h1>
      Make bed
    </h1>
  </strike>
</div>
`;
